// Jest Snapshot v1, https://goo.gl/fbAQLP

exports[`picture renders correctly 1`] = `
<svg
  className="Attachment"
>
  picture.svg
</svg>
`;
